<?xml version="1.0" encoding="UTF-8"?>
<testsuites name="jest tests" tests="1" failures="0" errors="0" time="4.037">
    <testsuite name="src/App.test.js" errors="0" failures="0" skipped="0" timestamp="2026-03-28T14:49:17" time="1.696" tests="1">
        <testcase classname="-renders learn Jenkins link" name="-renders learn Jenkins link" time="0.027">
        </testcase>
    </testsuite>
</testsuites>